learning-state drivers | 15 cells | seed 42 | gran neuron | dev mps
[skip] selplast|taskil|sgd|naive|base|42 acc=0.9807
[run ] selplast|taskil|sgd|act_frac|live|42 acc=0.9817 forget=0.0033 probe=0.399 |g|=0.0250/0.0250/0.1000 msd=2.79e-02 n_miss=0
[run ] selplast|taskil|sgd|act_norm|live|42 acc=0.9816 forget=0.0033 probe=0.355 |g|=0.0250/0.0250/0.1000 msd=1.61e-01 n_miss=0
[run ] selplast|taskil|sgd|act_entropy|live|42 acc=0.9815 forget=0.0036 probe=0.434 |g|=0.0250/0.0203/0.1000 msd=1.07e-02 n_miss=0
[run ] selplast|taskil|sgd|act_pr|live|42 acc=0.9823 forget=0.0025 probe=0.468 |g|=0.0250/0.0325/0.1000 msd=3.14e-02 n_miss=0
[run ] selplast|taskil|sgd|w_fro|live|42 acc=0.9793 forget=0.0024 probe=0.212 |g|=0.2925/0.3025/0.6000 msd=2.39e-11 n_miss=0
[run ] selplast|taskil|sgd|w_l1|live|42 acc=0.9794 forget=0.0023 probe=0.212 |g|=0.3225/0.3400/0.6000 msd=3.94e-12 n_miss=0
[run ] selplast|taskil|sgd|w_absmean|live|42 acc=0.9794 forget=0.0023 probe=0.212 |g|=0.3225/0.3400/0.6000 msd=1.27e-11 n_miss=0
[run ] selplast|taskil|sgd|w_absmax|live|42 acc=0.9817 forget=0.0026 probe=0.212 |g|=0.0425/0.0575/0.3000 msd=6.67e-11 n_miss=0
[run ] selplast|taskil|sgd|grad_norm|live|42 acc=0.9774 forget=0.0033 probe=0.212 |g|=0.5000/0.4775/0.6000 msd=0.00e+00 n_miss=160
[run ] selplast|taskil|sgd|grad_norm_layer|live|42 acc=0.9775 forget=0.0034 probe=0.212 |g|=0.5000/0.4775/0.6000 msd=0.00e+00 n_miss=160
[run ] selplast|taskil|sgd|grad_weight_ratio|live|42 acc=0.9812 forget=0.0024 probe=0.212 |g|=0.5000/0.4775/0.6000 msd=0.00e+00 n_miss=160
[run ] selplast|taskil|sgd|step_norm|live|42 acc=0.9777 forget=0.0032 probe=0.212 |g|=0.5000/0.4775/0.6000 msd=0.00e+00 n_miss=1
[run ] selplast|taskil|sgd|state01|live|42 acc=0.9809 forget=0.0042 probe=0.460 |g|=0.0250/0.0200/0.1000 msd=2.41e-02 n_miss=0
[skip] selplast|taskil|sgd|state01|dead|42 acc=0.9773

======================================================================================================================
LEARNING-STATE DRIVERS | 1 seed | neuron | learned P | live (+ state01 dead) | no new tuning
======================================================================================================================

--- gain | classil | adam | base=er lr=0.0003 ep=5 nlr=0.001
    baseline acc=0.8975   state01-dead=0.8975 (d=+0.0000)
    driver                  acc   d-base   d-dead  forget  probe          |g| h0/h1/out       msd  miss  class

--- gain | taskil | adam | base=er lr=0.0003 ep=10 nlr=0.001
    baseline acc=0.9952   state01-dead=0.9952 (d=+0.0000)
    driver                  acc   d-base   d-dead  forget  probe          |g| h0/h1/out       msd  miss  class

--- slope | classil | adam | base=er lr=0.0003 ep=5 nlr=0.001
    baseline acc=0.8975   state01-dead=0.8975 (d=+0.0000)
    driver                  acc   d-base   d-dead  forget  probe          |g| h0/h1/out       msd  miss  class

--- temp | classil | adam | base=er lr=0.0003 ep=5 nlr=0.001
    baseline acc=0.8975   state01-dead=0.8975 (d=+0.0000)
    driver                  acc   d-base   d-dead  forget  probe          |g| h0/h1/out       msd  miss  class

--- plast | taskil | sgd | base=er lr=0.1 ep=5 nlr=0.003
    baseline acc=0.9941   state01-dead=0.9941 (d=+0.0000)
    driver                  acc   d-base   d-dead  forget  probe          |g| h0/h1/out       msd  miss  class

--- selplast | taskil | sgd | base=naive lr=0.003 ep=5 nlr=0.003
    baseline acc=0.9807   state01-dead=0.9773 (d=-0.0033)
    driver                  acc   d-base   d-dead  forget  probe          |g| h0/h1/out       msd  miss  class
    act_frac             0.9817  +0.0010  +0.0043  0.0033  0.399 0.0250/0.0250/0.1000  2.79e-02     0  per-sample
    act_norm             0.9816  +0.0009  +0.0042  0.0033  0.355 0.0250/0.0250/0.1000  1.61e-01     0  per-sample
    act_entropy          0.9815  +0.0008  +0.0041  0.0036  0.434 0.0250/0.0203/0.1000  1.07e-02     0  per-sample
    act_pr               0.9823  +0.0016  +0.0049  0.0025  0.468 0.0250/0.0325/0.1000  3.14e-02     0  per-sample
    w_fro                0.9793  -0.0014  +0.0019  0.0024  0.212 0.2925/0.3025/0.6000  2.39e-11     0  tonic
    w_l1                 0.9794  -0.0013  +0.0020  0.0023  0.212 0.3225/0.3400/0.6000  3.94e-12     0  tonic
    w_absmean            0.9794  -0.0013  +0.0020  0.0023  0.212 0.3225/0.3400/0.6000  1.27e-11     0  tonic
    w_absmax             0.9817  +0.0010  +0.0043  0.0026  0.212 0.0425/0.0575/0.3000  6.67e-11     0  tonic
    grad_norm            0.9774  -0.0032  +0.0001  0.0033  0.212 0.5000/0.4775/0.6000  0.00e+00   160  tonic
    grad_norm_layer      0.9775  -0.0032  +0.0002  0.0034  0.212 0.5000/0.4775/0.6000  0.00e+00   160  tonic
    grad_weight_ratio    0.9812  +0.0006  +0.0039  0.0024  0.212 0.5000/0.4775/0.6000  0.00e+00   160  tonic
    step_norm            0.9777  -0.0030  +0.0004  0.0032  0.212 0.5000/0.4775/0.6000  0.00e+00     1  tonic
    state01              0.9809  +0.0002  +0.0035  0.0042  0.460 0.0250/0.0200/0.1000  2.41e-02     0  per-sample

--- lossmod | classil | adam | base=er lr=0.0003 ep=5 nlr=0.001
    baseline acc=0.8975   state01-dead=0.8978 (d=+0.0003)
    driver                  acc   d-base   d-dead  forget  probe          |g| h0/h1/out       msd  miss  class

--- wdecay | classil | sgd | base=er lr=0.03 ep=5 nlr=0.003
    baseline acc=0.9034   state01-dead=0.9034 (d=+0.0000)
    driver                  acc   d-base   d-dead  forget  probe          |g| h0/h1/out       msd  miss  class

NOISE FLOOR 0.007 at 1 seed (MPS): treat |d| below it as null.
