learning-state drivers | 15 cells | seed 42 | gran neuron | dev mps
[skip] gain|taskil|adam|er|base|42 acc=0.9952
[run ] gain|taskil|adam|act_frac|live|42 acc=0.9954 forget=0.0030 probe=0.428 |g|=0.0547/0.0520/0.0657 msd=3.14e-02 n_miss=0
[run ] gain|taskil|adam|act_norm|live|42 acc=0.9942 forget=0.0044 probe=0.293 |g|=0.1973/0.1925/0.1949 msd=3.14e-01 n_miss=0
[run ] gain|taskil|adam|act_entropy|live|42 acc=0.9943 forget=0.0042 probe=0.398 |g|=0.1046/0.1029/0.1104 msd=1.85e-02 n_miss=0
[run ] gain|taskil|adam|act_pr|live|42 acc=0.9956 forget=0.0028 probe=0.380 |g|=0.0366/0.0340/0.0515 msd=2.77e-02 n_miss=0
[run ] gain|taskil|adam|w_fro|live|42 acc=0.9943 forget=0.0037 probe=0.212 |g|=0.0086/0.0093/0.0137 msd=2.38e-11 n_miss=0
[run ] gain|taskil|adam|w_l1|live|42 acc=0.9948 forget=0.0035 probe=0.212 |g|=0.0071/0.0078/0.0115 msd=1.98e-11 n_miss=0
[run ] gain|taskil|adam|w_absmean|live|42 acc=0.9958 forget=0.0025 probe=0.212 |g|=0.0075/0.0078/0.0135 msd=7.88e-12 n_miss=0
[run ] gain|taskil|adam|w_absmax|live|42 acc=0.9957 forget=0.0029 probe=0.212 |g|=0.0547/0.0525/0.0803 msd=1.34e-10 n_miss=0
[run ] gain|taskil|adam|grad_norm|live|42 acc=0.9946 forget=0.0035 probe=0.212 |g|=0.0000/0.0000/0.0000 msd=0.00e+00 n_miss=161
[run ] gain|taskil|adam|grad_norm_layer|live|42 acc=0.9952 forget=0.0033 probe=0.212 |g|=0.0000/0.0000/0.0000 msd=0.00e+00 n_miss=161
[run ] gain|taskil|adam|grad_weight_ratio|live|42 acc=0.9940 forget=0.0041 probe=0.212 |g|=0.0000/0.0000/0.0000 msd=0.00e+00 n_miss=161
[run ] gain|taskil|adam|step_norm|live|42 acc=0.9953 forget=0.0028 probe=0.212 |g|=0.0000/0.0000/0.0000 msd=0.00e+00 n_miss=1
[run ] gain|taskil|adam|state01|live|42 acc=0.9952 forget=0.0031 probe=0.449 |g|=0.1698/0.1504/0.1531 msd=2.39e-02 n_miss=0
[skip] gain|taskil|adam|state01|dead|42 acc=0.9952

======================================================================================================================
LEARNING-STATE DRIVERS | 1 seed | neuron | learned P | live (+ state01 dead) | no new tuning
======================================================================================================================

--- gain | classil | adam | base=er lr=0.0003 ep=5 nlr=0.001
    baseline acc=0.8975   state01-dead=0.8975 (d=+0.0000)
    driver                  acc   d-base   d-dead  forget  probe          |g| h0/h1/out       msd  miss  class

--- gain | taskil | adam | base=er lr=0.0003 ep=10 nlr=0.001
    baseline acc=0.9952   state01-dead=0.9952 (d=+0.0000)
    driver                  acc   d-base   d-dead  forget  probe          |g| h0/h1/out       msd  miss  class
    act_frac             0.9954  +0.0002  +0.0002  0.0030  0.428 0.0547/0.0520/0.0657  3.14e-02     0  per-sample
    act_norm             0.9942  -0.0010  -0.0010  0.0044  0.293 0.1973/0.1925/0.1949  3.14e-01     0  per-sample
    act_entropy          0.9943  -0.0009  -0.0009  0.0042  0.398 0.1046/0.1029/0.1104  1.85e-02     0  per-sample
    act_pr               0.9956  +0.0004  +0.0004  0.0028  0.380 0.0366/0.0340/0.0515  2.77e-02     0  per-sample
    w_fro                0.9943  -0.0009  -0.0009  0.0037  0.212 0.0086/0.0093/0.0137  2.38e-11     0  tonic, EVAL-DEGENERATE
    w_l1                 0.9948  -0.0004  -0.0004  0.0035  0.212 0.0071/0.0078/0.0115  1.98e-11     0  tonic, EVAL-DEGENERATE
    w_absmean            0.9958  +0.0006  +0.0006  0.0025  0.212 0.0075/0.0078/0.0135  7.88e-12     0  tonic, EVAL-DEGENERATE
    w_absmax             0.9957  +0.0005  +0.0005  0.0029  0.212 0.0547/0.0525/0.0803  1.34e-10     0  tonic, EVAL-DEGENERATE
    grad_norm            0.9946  -0.0006  -0.0006  0.0035  0.212 0.0000/0.0000/0.0000  0.00e+00   161  tonic, EVAL-DEGENERATE
    grad_norm_layer      0.9952  -0.0000  -0.0000  0.0033  0.212 0.0000/0.0000/0.0000  0.00e+00   161  tonic, EVAL-DEGENERATE
    grad_weight_ratio    0.9940  -0.0012  -0.0012  0.0041  0.212 0.0000/0.0000/0.0000  0.00e+00   161  tonic, EVAL-DEGENERATE
    step_norm            0.9953  +0.0001  +0.0001  0.0028  0.212 0.0000/0.0000/0.0000  0.00e+00     1  tonic, EVAL-DEGENERATE
    state01              0.9952  -0.0000  -0.0000  0.0031  0.449 0.1698/0.1504/0.1531  2.39e-02     0  per-sample

--- slope | classil | adam | base=er lr=0.0003 ep=5 nlr=0.001
    baseline acc=0.8975   state01-dead=0.8975 (d=+0.0000)
    driver                  acc   d-base   d-dead  forget  probe          |g| h0/h1/out       msd  miss  class

--- temp | classil | adam | base=er lr=0.0003 ep=5 nlr=0.001
    baseline acc=0.8975   state01-dead=0.8975 (d=+0.0000)
    driver                  acc   d-base   d-dead  forget  probe          |g| h0/h1/out       msd  miss  class

--- plast | taskil | sgd | base=er lr=0.1 ep=5 nlr=0.003
    baseline acc=0.9941   state01-dead=0.9941 (d=+0.0000)
    driver                  acc   d-base   d-dead  forget  probe          |g| h0/h1/out       msd  miss  class

--- selplast | taskil | sgd | base=naive lr=0.003 ep=5 nlr=0.003
    baseline acc=0.9807   state01-dead=0.9773 (d=-0.0033)
    driver                  acc   d-base   d-dead  forget  probe          |g| h0/h1/out       msd  miss  class

--- lossmod | classil | adam | base=er lr=0.0003 ep=5 nlr=0.001
    baseline acc=0.8975   state01-dead=0.8978 (d=+0.0003)
    driver                  acc   d-base   d-dead  forget  probe          |g| h0/h1/out       msd  miss  class

--- wdecay | classil | sgd | base=er lr=0.03 ep=5 nlr=0.003
    baseline acc=0.9034   state01-dead=0.9034 (d=+0.0000)
    driver                  acc   d-base   d-dead  forget  probe          |g| h0/h1/out       msd  miss  class

NOISE FLOOR 0.007 at 1 seed (MPS): treat |d| below it as null.
