learning-state drivers | 15 cells | seed 42 | gran neuron | dev mps
[skip] gain|classil|adam|er|base|42 acc=0.8975
[run ] gain|classil|adam|act_frac|live|42 acc=0.8957 forget=0.0993 probe=0.442 |g|=0.0455/0.0488/0.0660 msd=2.93e-02 n_miss=0
[run ] gain|classil|adam|act_norm|live|42 acc=0.8930 forget=0.1012 probe=0.407 |g|=0.2311/0.2139/0.3523 msd=1.88e-01 n_miss=0
[run ] gain|classil|adam|act_entropy|live|42 acc=0.9045 forget=0.0903 probe=0.489 |g|=0.1208/0.1235/0.1917 msd=2.53e-02 n_miss=0
[run ] gain|classil|adam|act_pr|live|42 acc=0.8972 forget=0.0975 probe=0.484 |g|=0.0282/0.0328/0.0403 msd=2.07e-02 n_miss=0
[run ] gain|classil|adam|w_fro|live|42 acc=0.9013 forget=0.0932 probe=0.212 |g|=0.0152/0.0175/0.0292 msd=2.97e-11 n_miss=0
[run ] gain|classil|adam|w_l1|live|42 acc=0.8959 forget=0.0984 probe=0.212 |g|=0.0123/0.0134/0.0211 msd=3.75e-11 n_miss=0
[run ] gain|classil|adam|w_absmean|live|42 acc=0.8951 forget=0.0994 probe=0.212 |g|=0.0125/0.0143/0.0219 msd=2.46e-11 n_miss=0
[run ] gain|classil|adam|w_absmax|live|42 acc=0.8889 forget=0.1057 probe=0.212 |g|=0.0890/0.0937/0.1548 msd=1.66e-10 n_miss=0
[run ] gain|classil|adam|grad_norm|live|42 acc=0.9003 forget=0.0940 probe=0.212 |g|=0.0000/0.0000/0.0000 msd=0.00e+00 n_miss=161
[run ] gain|classil|adam|grad_norm_layer|live|42 acc=0.9001 forget=0.0946 probe=0.212 |g|=0.0000/0.0000/0.0000 msd=0.00e+00 n_miss=161
[run ] gain|classil|adam|grad_weight_ratio|live|42 acc=0.0927 forget=0.5051 probe=0.212 |g|=nan/nan/nan msd=0.00e+00 n_miss=161
[run ] gain|classil|adam|step_norm|live|42 acc=0.9042 forget=0.0894 probe=0.212 |g|=0.0000/0.0000/0.0000 msd=0.00e+00 n_miss=1
[run ] gain|classil|adam|state01|live|42 acc=0.8982 forget=0.0973 probe=0.626 |g|=0.1590/0.1830/0.2305 msd=2.65e-02 n_miss=0
[skip] gain|classil|adam|state01|dead|42 acc=0.8975

======================================================================================================================
LEARNING-STATE DRIVERS | 1 seed | neuron | learned P | live (+ state01 dead) | no new tuning
======================================================================================================================

--- gain | classil | adam | base=er lr=0.0003 ep=5 nlr=0.001
    baseline acc=0.8975   state01-dead=0.8975 (d=+0.0000)
    driver                  acc   d-base   d-dead  forget  probe          |g| h0/h1/out       msd  miss  class
    act_frac             0.8957  -0.0019  -0.0019  0.0993  0.442 0.0455/0.0488/0.0660  2.93e-02     0  per-sample
    act_norm             0.8930  -0.0045  -0.0045  0.1012  0.407 0.2311/0.2139/0.3523  1.88e-01     0  per-sample
    act_entropy          0.9045  +0.0069  +0.0069  0.0903  0.489 0.1208/0.1235/0.1917  2.53e-02     0  per-sample
    act_pr               0.8972  -0.0003  -0.0003  0.0975  0.484 0.0282/0.0328/0.0403  2.07e-02     0  per-sample
    w_fro                0.9013  +0.0038  +0.0038  0.0932  0.212 0.0152/0.0175/0.0292  2.97e-11     0  tonic, EVAL-DEGENERATE
    w_l1                 0.8959  -0.0017  -0.0017  0.0984  0.212 0.0123/0.0134/0.0211  3.75e-11     0  tonic, EVAL-DEGENERATE
    w_absmean            0.8951  -0.0025  -0.0025  0.0994  0.212 0.0125/0.0143/0.0219  2.46e-11     0  tonic, EVAL-DEGENERATE
    w_absmax             0.8889  -0.0087  -0.0087  0.1057  0.212 0.0890/0.0937/0.1548  1.66e-10     0  tonic, EVAL-DEGENERATE
    grad_norm            0.9003  +0.0028  +0.0028  0.0940  0.212 0.0000/0.0000/0.0000  0.00e+00   161  tonic, EVAL-DEGENERATE
    grad_norm_layer      0.9001  +0.0026  +0.0026  0.0946  0.212 0.0000/0.0000/0.0000  0.00e+00   161  tonic, EVAL-DEGENERATE
    grad_weight_ratio    0.0927  -0.8049  -0.8049  0.5051  0.212    nan/   nan/   nan  0.00e+00   161  tonic, EVAL-DEGENERATE
    step_norm            0.9042  +0.0066  +0.0066  0.0894  0.212 0.0000/0.0000/0.0000  0.00e+00     1  tonic, EVAL-DEGENERATE
    state01              0.8982  +0.0006  +0.0006  0.0973  0.626 0.1590/0.1830/0.2305  2.65e-02     0  per-sample

--- gain | taskil | adam | base=er lr=0.0003 ep=10 nlr=0.001
    baseline acc=0.9952   state01-dead=0.9952 (d=+0.0000)
    driver                  acc   d-base   d-dead  forget  probe          |g| h0/h1/out       msd  miss  class

--- slope | classil | adam | base=er lr=0.0003 ep=5 nlr=0.001
    baseline acc=0.8975   state01-dead=0.8975 (d=+0.0000)
    driver                  acc   d-base   d-dead  forget  probe          |g| h0/h1/out       msd  miss  class

--- temp | classil | adam | base=er lr=0.0003 ep=5 nlr=0.001
    baseline acc=0.8975   state01-dead=0.8975 (d=+0.0000)
    driver                  acc   d-base   d-dead  forget  probe          |g| h0/h1/out       msd  miss  class

--- plast | taskil | sgd | base=er lr=0.1 ep=5 nlr=0.003
    baseline acc=0.9941   state01-dead=0.9941 (d=+0.0000)
    driver                  acc   d-base   d-dead  forget  probe          |g| h0/h1/out       msd  miss  class

--- selplast | taskil | sgd | base=naive lr=0.003 ep=5 nlr=0.003
    baseline acc=0.9807   state01-dead=0.9773 (d=-0.0033)
    driver                  acc   d-base   d-dead  forget  probe          |g| h0/h1/out       msd  miss  class

--- lossmod | classil | adam | base=er lr=0.0003 ep=5 nlr=0.001
    baseline acc=0.8975   state01-dead=0.8978 (d=+0.0003)
    driver                  acc   d-base   d-dead  forget  probe          |g| h0/h1/out       msd  miss  class

--- wdecay | classil | sgd | base=er lr=0.03 ep=5 nlr=0.003
    baseline acc=0.9034   state01-dead=0.9034 (d=+0.0000)
    driver                  acc   d-base   d-dead  forget  probe          |g| h0/h1/out       msd  miss  class

NOISE FLOOR 0.007 at 1 seed (MPS): treat |d| below it as null.
