learning-state drivers | 15 cells | seed 42 | gran neuron | dev mps | regimes ('budget',)
[run ] budget|slope|classil|adam|er|base|42 acc=0.7679 forget=0.2287 probe=nan |g|=0.0000/0.0000/0.0000 msd=0.00e+00 n_miss=0 ratio=0.0000
[run ] budget|slope|classil|adam|act_frac|live|42 acc=0.7736 forget=0.2231 probe=0.533 |g|=0.0512/0.0514/0.0000 msd=2.39e-02 n_miss=0 ratio=0.0000
[run ] budget|slope|classil|adam|act_norm|live|42 acc=0.7762 forget=0.2203 probe=0.278 |g|=0.2001/0.2025/0.0000 msd=2.98e-01 n_miss=0 ratio=0.0000
[run ] budget|slope|classil|adam|act_entropy|live|42 acc=0.7755 forget=0.2207 probe=0.457 |g|=0.0983/0.0989/0.0000 msd=2.09e-02 n_miss=0 ratio=0.0000
[run ] budget|slope|classil|adam|act_pr|live|42 acc=0.7721 forget=0.2240 probe=0.471 |g|=0.0391/0.0393/0.0000 msd=2.94e-02 n_miss=0 ratio=0.0000
[run ] budget|slope|classil|adam|w_fro|live|42 acc=0.7752 forget=0.2210 probe=0.212 |g|=0.0078/0.0078/0.0000 msd=1.98e-11 n_miss=0 ratio=0.0000
[run ] budget|slope|classil|adam|w_l1|live|42 acc=0.7668 forget=0.2297 probe=0.212 |g|=0.0062/0.0063/0.0000 msd=2.14e-11 n_miss=0 ratio=0.0000
[run ] budget|slope|classil|adam|w_absmean|live|42 acc=0.7667 forget=0.2294 probe=0.212 |g|=0.0063/0.0063/0.0000 msd=2.95e-11 n_miss=0 ratio=0.0000
[run ] budget|slope|classil|adam|w_absmax|live|42 acc=0.7764 forget=0.2197 probe=0.212 |g|=0.0259/0.0265/0.0000 msd=1.96e-10 n_miss=0 ratio=0.0000
[run ] budget|slope|classil|adam|grad_norm|live|42 acc=0.7803 forget=0.2160 probe=0.212 |g|=0.0000/0.0000/0.0000 msd=0.00e+00 n_miss=161 ratio=0.0000
[run ] budget|slope|classil|adam|grad_norm_layer|live|42 acc=0.7705 forget=0.2261 probe=0.212 |g|=0.0000/0.0000/0.0000 msd=0.00e+00 n_miss=161 ratio=0.0000
[run ] budget|slope|classil|adam|grad_weight_ratio|live|42 acc=0.7718 forget=0.2248 probe=0.212 |g|=0.0000/0.0000/0.0000 msd=0.00e+00 n_miss=161 ratio=0.0000
[run ] budget|slope|classil|adam|step_norm|live|42 acc=0.7712 forget=0.2257 probe=0.212 |g|=0.0000/0.0000/0.0000 msd=0.00e+00 n_miss=1 ratio=0.0000
[run ] budget|slope|classil|adam|state01|live|42 acc=0.7718 forget=0.2246 probe=0.596 |g|=0.1727/0.1737/0.0000 msd=2.52e-02 n_miss=0 ratio=0.0000
[run ] budget|slope|classil|adam|state01|dead|42 acc=0.7679 forget=0.2287 probe=0.614 |g|=0.0000/0.0000/0.0000 msd=2.58e-02 n_miss=0 ratio=0.0000

================================================================================================================================
LEARNING-STATE DRIVERS | 1 seed | neuron | learned P | live (+ state01 dead) | no new tuning | regimes: budget (buffer 200)
================================================================================================================================

--- [budget] slope | classil | adam | base=er lr=0.0003 ep=5 nlr=0.001 buffer=200
    baseline acc=0.7679   state01-dead=0.7679 (d=+0.0000)
    driver                  acc   d-base   d-dead  forget  probe          |g| h0/h1/out       msd  miss  p_ratio  class
    act_frac             0.7736  +0.0057  +0.0057  0.2231  0.533 0.0512/0.0514/0.0000  2.39e-02     0   0.0000  per-sample
    act_norm             0.7762  +0.0083  +0.0083  0.2203  0.278 0.2001/0.2025/0.0000  2.98e-01     0   0.0000  per-sample
    act_entropy          0.7755  +0.0076  +0.0076  0.2207  0.457 0.0983/0.0989/0.0000  2.09e-02     0   0.0000  per-sample
    act_pr               0.7721  +0.0043  +0.0043  0.2240  0.471 0.0391/0.0393/0.0000  2.94e-02     0   0.0000  per-sample
    w_fro                0.7752  +0.0073  +0.0073  0.2210  0.212 0.0078/0.0078/0.0000  1.98e-11     0   0.0000  tonic, EVAL-DEGEN
    w_l1                 0.7668  -0.0011  -0.0011  0.2297  0.212 0.0062/0.0063/0.0000  2.14e-11     0   0.0000  tonic, EVAL-DEGEN
    w_absmean            0.7667  -0.0011  -0.0011  0.2294  0.212 0.0063/0.0063/0.0000  2.95e-11     0   0.0000  tonic, EVAL-DEGEN
    w_absmax             0.7764  +0.0085  +0.0085  0.2197  0.212 0.0259/0.0265/0.0000  1.96e-10     0   0.0000  tonic, EVAL-DEGEN
    grad_norm            0.7803  +0.0124  +0.0124  0.2160  0.212 0.0000/0.0000/0.0000  0.00e+00   161   0.0000  tonic, EVAL-DEGEN
    grad_norm_layer      0.7705  +0.0027  +0.0027  0.2261  0.212 0.0000/0.0000/0.0000  0.00e+00   161   0.0000  tonic, EVAL-DEGEN
    grad_weight_ratio    0.7718  +0.0039  +0.0039  0.2248  0.212 0.0000/0.0000/0.0000  0.00e+00   161   0.0000  tonic, EVAL-DEGEN
    step_norm            0.7712  +0.0033  +0.0033  0.2257  0.212 0.0000/0.0000/0.0000  0.00e+00     1   0.0000  tonic, EVAL-DEGEN
    state01              0.7718  +0.0039  +0.0039  0.2246  0.596 0.1727/0.1737/0.0000  2.52e-02     0   0.0000  per-sample

NOISE FLOOR 0.007 at 1 seed (MPS): treat |d| below it as null.
