
================================================================================================
plast-nobuf-neuron  |  test acc 0.9797  forget 0.0051  |  neuro_lr 0.01  parity alpha 0.5000  [matches ledger]
================================================================================================
layer           n   |a-par|   a mean     a sd    a min    a max   <0.25   >0.75   >0.95   >0.99  cos(dev)   cos(a)   frac
h0            400   0.43919   0.9392   0.0669   0.5660   0.9967   0.000   0.976   0.639   0.113    0.9923   0.9986  0.998
h1            400   0.38618   0.8862   0.1168   0.5000   0.9953   0.000   0.875   0.378   0.022    0.9712   0.9946  0.940
  per-task mean alpha:
    h0      T0=0.8329  T1=0.9815  T2=0.9737  T3=0.9398  T4=0.9681
    h1      T0=0.8027  T1=0.9383  T2=0.9227  T3=0.8675  T4=0.8997

================================================================================================
plast-nobuf-synapse  |  test acc 0.9786  forget 0.0039  |  neuro_lr 0.0001  parity alpha 0.5000  [matches ledger]
================================================================================================
layer           n   |a-par|   a mean     a sd    a min    a max   <0.25   >0.75   >0.95   >0.99  cos(dev)   cos(a)   frac
net0       313600   0.00109   0.5011   0.0023   0.5000   0.5285   0.000   0.000   0.000   0.000    0.5389   1.0000  0.053
net2       160000   0.00101   0.5010   0.0021   0.5000   0.5242   0.000   0.000   0.000   0.000    0.4563   1.0000  0.056
  per-task mean alpha:
    net0    T0=0.5006  T1=0.5015  T2=0.5012  T3=0.5008  T4=0.5013
    net2    T0=0.5005  T1=0.5013  T2=0.5011  T3=0.5008  T4=0.5013

================================================================================================
plast-neuron  |  test acc 0.9797  forget 0.0050  |  neuro_lr 0.01  parity alpha 0.5000  [matches ledger]
================================================================================================
layer           n   |a-par|   a mean     a sd    a min    a max   <0.25   >0.75   >0.95   >0.99  cos(dev)   cos(a)   frac
h0            400   0.43320   0.9332   0.0725   0.5313   0.9963   0.000   0.968   0.602   0.097    0.9909   0.9984  0.997
h1            400   0.37719   0.8772   0.1249   0.5000   0.9950   0.000   0.859   0.355   0.018    0.9675   0.9939  0.925
  per-task mean alpha:
    h0      T0=0.8229  T1=0.9784  T2=0.9699  T3=0.9327  T4=0.9620
    h1      T0=0.7989  T1=0.9274  T2=0.9116  T3=0.8569  T4=0.8911

================================================================================================
plast-synapse  |  test acc 0.9787  forget 0.0038  |  neuro_lr 0.0001  parity alpha 0.5000  [matches ledger]
================================================================================================
layer           n   |a-par|   a mean     a sd    a min    a max   <0.25   >0.75   >0.95   >0.99  cos(dev)   cos(a)   frac
net0       313600   0.00070   0.5007   0.0016   0.4991   0.5273   0.000   0.000   0.000   0.000    0.4813   1.0000  0.033
net2       160000   0.00066   0.5007   0.0015   0.4998   0.5216   0.000   0.000   0.000   0.000    0.4079   1.0000  0.038
  per-task mean alpha:
    net0    T0=0.5005  T1=0.5010  T2=0.5007  T3=0.5005  T4=0.5008
    net2    T0=0.5005  T1=0.5008  T2=0.5007  T3=0.5005  T4=0.5008

================================================================================================
plast-ercur-neuron  |  test acc 0.9935  forget 0.0026  |  neuro_lr 0.01  parity alpha 0.5000  [matches ledger]
================================================================================================
layer           n   |a-par|   a mean     a sd    a min    a max   <0.25   >0.75   >0.95   >0.99  cos(dev)   cos(a)   frac
h0            400   0.35603   0.8558   0.1460   0.4452   0.9969   0.000   0.756   0.380   0.034    0.9163   0.9906  0.907
h1            400   0.23574   0.7208   0.1720   0.3754   0.9908   0.000   0.494   0.041   0.001    0.6559   0.9705  0.731
  per-task mean alpha:
    h0      T0=0.6236  T1=0.9681  T2=0.9449  T3=0.8847  T4=0.8577
    h1      T0=0.5739  T1=0.8692  T2=0.8410  T3=0.7484  T4=0.5714

================================================================================================
plast-ercur-synapse  |  test acc 0.9946  forget 0.0019  |  neuro_lr 0.01  parity alpha 0.5000  [matches ledger]
================================================================================================
layer           n   |a-par|   a mean     a sd    a min    a max   <0.25   >0.75   >0.95   >0.99  cos(dev)   cos(a)   frac
net0       313600   0.10911   0.6091   0.1251   0.4893   0.9858   0.000   0.160   0.012   0.000    0.7077   0.9823  0.326
net2       160000   0.07168   0.5717   0.0982   0.4968   0.9841   0.000   0.082   0.000   0.000    0.6285   0.9845  0.224
  per-task mean alpha:
    net0    T0=0.5421  T1=0.6691  T2=0.6197  T3=0.5696  T4=0.6450
    net2    T0=0.5247  T1=0.6088  T2=0.5786  T3=0.5509  T4=0.5954

================================================================================================
plast-erown-neuron  |  test acc 0.9935  forget 0.0027  |  neuro_lr 0.01  parity alpha 0.5000  [matches ledger]
================================================================================================
layer           n   |a-par|   a mean     a sd    a min    a max   <0.25   >0.75   >0.95   >0.99  cos(dev)   cos(a)   frac
h0            400   0.38770   0.8877   0.1393   0.5232   0.9982   0.000   0.805   0.560   0.113    0.9426   0.9951  0.931
h1            400   0.26533   0.7594   0.1681   0.3897   0.9964   0.000   0.560   0.117   0.005    0.7812   0.9753  0.796
  per-task mean alpha:
    h0      T0=0.6364  T1=0.9751  T2=0.9627  T3=0.9222  T4=0.9422
    h1      T0=0.5847  T1=0.8827  T2=0.8669  T3=0.7978  T4=0.6646

================================================================================================
plast-erown-synapse  |  test acc 0.9945  forget 0.0021  |  neuro_lr 0.01  parity alpha 0.5000  [matches ledger]
================================================================================================
layer           n   |a-par|   a mean     a sd    a min    a max   <0.25   >0.75   >0.95   >0.99  cos(dev)   cos(a)   frac
net0       313600   0.11224   0.6122   0.1315   0.4947   0.9911   0.000   0.170   0.022   0.000    0.6964   0.9802  0.323
net2       160000   0.07550   0.5755   0.1055   0.4914   0.9905   0.000   0.098   0.001   0.000    0.6194   0.9823  0.230
  per-task mean alpha:
    net0    T0=0.5424  T1=0.6720  T2=0.6198  T3=0.5717  T4=0.6553
    net2    T0=0.5249  T1=0.6109  T2=0.5798  T3=0.5539  T4=0.6081

Reading: |a-par| ~ 0 => the gate never left parity (no mechanism was exercised, the run is a uniform LR rescale of naive). |a-par| > 0 with cos(dev) ~ 1 => the gate engaged but every task learned the SAME modulation, i.e. a global LR knob carrying no task information. cos(dev) ~ 0 with a low frac => genuine per-task allocation.
