meta-schedule variants ('multi5', 'phase') (M=5) | init 0.5 ep 5 main lr 0.003 sgd taskil buffer 1000


================================================================================================
ANCHOR — copy-forward parity vs plast_init.py (base schedule, init 0.5, ep 5, lr 3e-3)
================================================================================================
[run ] anchor|base|neuron|0.01|42 acc=0.9797 forget=0.0050
  neuron   nlr=0.01    seed 42: 0.979672 vs 0.979672  [MATCHES]
[run ] anchor|base|neuron|0.01|43 acc=0.9752 forget=0.0088
  neuron   nlr=0.01    seed 43: 0.975181 vs 0.975181  [MATCHES]
[run ] anchor|base|neuron|0.01|44 acc=0.9787 forget=0.0051
  neuron   nlr=0.01    seed 44: 0.978690 vs 0.978690  [MATCHES]
[run ] anchor|base|neuron|0|42 acc=0.9784 forget=0.0021
  neuron   nlr=0       seed 42: 0.978401 vs 0.978401  [MATCHES]
[run ] anchor|base|neuron|0|43 acc=0.9717 forget=0.0078
  neuron   nlr=0       seed 43: 0.971657 vs 0.971657  [MATCHES]
[run ] anchor|base|neuron|0|44 acc=0.9760 forget=0.0035
  neuron   nlr=0       seed 44: 0.976019 vs 0.976019  [MATCHES]
[run ] anchor|base|synapse|0.0001|42 acc=0.9787 forget=0.0038
  synapse  nlr=0.0001  seed 42: 0.978673 vs 0.978673  [MATCHES]
[run ] anchor|base|synapse|0.0001|43 acc=0.9745 forget=0.0070
  synapse  nlr=0.0001  seed 43: 0.974492 vs 0.974492  [MATCHES]
[run ] anchor|base|synapse|0.0001|44 acc=0.9769 forget=0.0054
  synapse  nlr=0.0001  seed 44: 0.976898 vs 0.976898  [MATCHES]
[run ] anchor|base|synapse|0|42 acc=0.9787 forget=0.0038
  synapse  nlr=0       seed 42: 0.978673 vs 0.978673  [MATCHES]
[run ] anchor|base|synapse|0|43 acc=0.9745 forget=0.0070
  synapse  nlr=0       seed 43: 0.974492 vs 0.974492  [MATCHES]
[run ] anchor|base|synapse|0|44 acc=0.9769 forget=0.0054
  synapse  nlr=0       seed 44: 0.976898 vs 0.976898  [MATCHES]

  copy-forward parity: CONFIRMED
[run ] tune|multi5|neuron|0.0001|42 acc=0.9751 forget=0.0019
[run ] tune|multi5|neuron|0.0003|42 acc=0.9760 forget=0.0025
[run ] tune|multi5|neuron|0.001|42 acc=0.9757 forget=0.0050
[run ] tune|multi5|neuron|0.003|42 acc=0.9766 forget=0.0054
[run ] tune|multi5|neuron|0.01|42 acc=0.9759 forget=0.0062

>>> TUNED [multi5 neuron] nlr=0.0001 (val 0.9751)  [tie-break: 5/5 within 0.007]
    !! nlr=0.0001 at a GRID EDGE  (grid spans 0.0015; below the 0.007 noise floor)
    val by nlr: 0.0001=0.9751  0.0003=0.9760  0.001=0.9757  0.003=0.9766  0.01=0.9759
meta-schedule variants ('multi5', 'phase') (M=5) | init 0.5 ep 5 main lr 0.003 sgd taskil buffer 1000


================================================================================================
ANCHOR — copy-forward parity vs plast_init.py (base schedule, init 0.5, ep 5, lr 3e-3)
================================================================================================
[skip] anchor|base|neuron|0.01|42 acc=0.9797
  neuron   nlr=0.01    seed 42: 0.979672 vs 0.979672  [MATCHES]
[skip] anchor|base|neuron|0.01|43 acc=0.9752
  neuron   nlr=0.01    seed 43: 0.975181 vs 0.975181  [MATCHES]
[skip] anchor|base|neuron|0.01|44 acc=0.9787
  neuron   nlr=0.01    seed 44: 0.978690 vs 0.978690  [MATCHES]
[skip] anchor|base|neuron|0|42 acc=0.9784
  neuron   nlr=0       seed 42: 0.978401 vs 0.978401  [MATCHES]
[skip] anchor|base|neuron|0|43 acc=0.9717
  neuron   nlr=0       seed 43: 0.971657 vs 0.971657  [MATCHES]
[skip] anchor|base|neuron|0|44 acc=0.9760
  neuron   nlr=0       seed 44: 0.976019 vs 0.976019  [MATCHES]
[skip] anchor|base|synapse|0.0001|42 acc=0.9787
  synapse  nlr=0.0001  seed 42: 0.978673 vs 0.978673  [MATCHES]
[skip] anchor|base|synapse|0.0001|43 acc=0.9745
  synapse  nlr=0.0001  seed 43: 0.974492 vs 0.974492  [MATCHES]
[skip] anchor|base|synapse|0.0001|44 acc=0.9769
  synapse  nlr=0.0001  seed 44: 0.976898 vs 0.976898  [MATCHES]
[skip] anchor|base|synapse|0|42 acc=0.9787
  synapse  nlr=0       seed 42: 0.978673 vs 0.978673  [MATCHES]
[skip] anchor|base|synapse|0|43 acc=0.9745
  synapse  nlr=0       seed 43: 0.974492 vs 0.974492  [MATCHES]
[skip] anchor|base|synapse|0|44 acc=0.9769
  synapse  nlr=0       seed 44: 0.976898 vs 0.976898  [MATCHES]

  copy-forward parity: CONFIRMED
[skip] tune|multi5|neuron|0.0001|42 acc=0.9751
[skip] tune|multi5|neuron|0.0003|42 acc=0.9760
[skip] tune|multi5|neuron|0.001|42 acc=0.9757
[skip] tune|multi5|neuron|0.003|42 acc=0.9766
[skip] tune|multi5|neuron|0.01|42 acc=0.9759

>>> TUNED [multi5 neuron] nlr=0.003 (val 0.9766)
    !! the WHOLE grid spans 0.0015 < the 0.007 noise floor — this axis is unresolved at 1 seed, not optimised
    val by nlr: 0.0001=0.9751  0.0003=0.9760  0.001=0.9757  0.003=0.9766  0.01=0.9759
[run ] tune|multi5|synapse|0.0001|42 acc=0.9767 forget=0.0027
[run ] tune|multi5|synapse|0.0003|42 acc=0.9769 forget=0.0028
[run ] tune|multi5|synapse|0.001|42 acc=0.9761 forget=0.0045
[run ] tune|multi5|synapse|0.003|42 acc=0.9756 forget=0.0054
[run ] tune|multi5|synapse|0.01|42 acc=0.9768 forget=0.0047

>>> TUNED [multi5 synapse] nlr=0.0003 (val 0.9769)
    !! the WHOLE grid spans 0.0013 < the 0.007 noise floor — this axis is unresolved at 1 seed, not optimised
    val by nlr: 0.0001=0.9767  0.0003=0.9769  0.001=0.9761  0.003=0.9756  0.01=0.9768
[run ] tune|phase|neuron|0.0001|42 acc=0.9744 forget=0.0029
[run ] tune|phase|neuron|0.0003|42 acc=0.9744 forget=0.0034
[run ] tune|phase|neuron|0.001|42 acc=0.9745 forget=0.0057
[run ] tune|phase|neuron|0.003|42 acc=0.9756 forget=0.0069
[run ] tune|phase|neuron|0.01|42 acc=0.9756 forget=0.0071

>>> TUNED [phase neuron] nlr=0.01 (val 0.9756)
    !! the WHOLE grid spans 0.0012 < the 0.007 noise floor — this axis is unresolved at 1 seed, not optimised
    val by nlr: 0.0001=0.9744  0.0003=0.9744  0.001=0.9745  0.003=0.9756  0.01=0.9756
[run ] tune|phase|synapse|0.0001|42 acc=0.9760 forget=0.0032
[run ] tune|phase|synapse|0.0003|42 acc=0.9765 forget=0.0027
[run ] tune|phase|synapse|0.001|42 acc=0.9762 forget=0.0037
[run ] tune|phase|synapse|0.003|42 acc=0.9761 forget=0.0047
[run ] tune|phase|synapse|0.01|42 acc=0.9759 forget=0.0059

>>> TUNED [phase synapse] nlr=0.0003 (val 0.9765)
    !! the WHOLE grid spans 0.0006 < the 0.007 noise floor — this axis is unresolved at 1 seed, not optimised
    val by nlr: 0.0001=0.9760  0.0003=0.9765  0.001=0.9762  0.003=0.9761  0.01=0.9759
[run ] test|multi5|neuron|0.003|42 acc=0.9798 forget=0.0050
[run ] test|multi5|neuron|0.003|43 acc=0.9756 forget=0.0084
[run ] test|multi5|neuron|0.003|44 acc=0.9787 forget=0.0051
[run ] test|multi5|neuron|0|42 acc=0.9784 forget=0.0021
[run ] test|multi5|neuron|0|43 acc=0.9717 forget=0.0078
[run ] test|multi5|neuron|0|44 acc=0.9760 forget=0.0035
[run ] test|multi5|synapse|0.0003|42 acc=0.9788 forget=0.0042
[run ] test|multi5|synapse|0.0003|43 acc=0.9752 forget=0.0063
[run ] test|multi5|synapse|0.0003|44 acc=0.9765 forget=0.0059
[run ] test|multi5|synapse|0|42 acc=0.9787 forget=0.0038
[run ] test|multi5|synapse|0|43 acc=0.9745 forget=0.0070
[run ] test|multi5|synapse|0|44 acc=0.9769 forget=0.0054
[run ] test|phase|neuron|0.01|42 acc=0.9802 forget=0.0045
[run ] test|phase|neuron|0.01|43 acc=0.9767 forget=0.0077
[run ] test|phase|neuron|0.01|44 acc=0.9792 forget=0.0059
[run ] test|phase|neuron|0|42 acc=0.9778 forget=0.0022
[run ] test|phase|neuron|0|43 acc=0.9715 forget=0.0076
[run ] test|phase|neuron|0|44 acc=0.9759 forget=0.0034
[run ] test|phase|synapse|0.0003|42 acc=0.9793 forget=0.0033
[run ] test|phase|synapse|0.0003|43 acc=0.9752 forget=0.0061
[run ] test|phase|synapse|0.0003|44 acc=0.9769 forget=0.0047
[run ] test|phase|synapse|0|42 acc=0.9791 forget=0.0031
[run ] test|phase|synapse|0|43 acc=0.9745 forget=0.0067
[run ] test|phase|synapse|0|44 acc=0.9766 forget=0.0051

========================================================================================================
GATE  multi5 neuron  nlr=0.003  |  test acc 0.9798 forget 0.0050  |  parity alpha 0.5000
========================================================================================================
layer           n   |a-par|   a mean     a sd    a min    a max   >0.75   >0.95  cos(dev)   cos(a)   frac
h0            400   0.45092   0.9509   0.0551   0.5530   0.9982   0.991   0.660    0.9937   0.9987  0.998
h1            400   0.39475   0.8947   0.1189   0.5000   0.9971   0.886   0.424    0.9716   0.9944  0.936
  per-task mean alpha: h0:[0.8847 0.9869 0.9762 0.9349 0.9719]  h1:[0.8509 0.9433 0.9213 0.8554 0.9028]

========================================================================================================
GATE  multi5 synapse  nlr=0.0003  |  test acc 0.9788 forget 0.0042  |  parity alpha 0.5000
========================================================================================================
layer           n   |a-par|   a mean     a sd    a min    a max   >0.75   >0.95  cos(dev)   cos(a)   frac
net0       313600   0.00921   0.5092   0.0193   0.4728   0.7453   0.000   0.000    0.5112   0.9991  0.044
net2       160000   0.00870   0.5087   0.0181   0.4926   0.7220   0.000   0.000    0.4335   0.9991  0.050
  per-task mean alpha: net0:[0.5074 0.5126 0.5095 0.5061 0.5105]  net2:[0.5069 0.5110 0.5087 0.5064 0.5106]

========================================================================================================
GATE  phase neuron  nlr=0.01  |  test acc 0.9802 forget 0.0045  |  parity alpha 0.5000
========================================================================================================
layer           n   |a-par|   a mean     a sd    a min    a max   >0.75   >0.95  cos(dev)   cos(a)   frac
h0            400   0.49091   0.9909   0.0170   0.5295   0.9976   0.999   0.988    0.9993   0.9998  1.000
h1            400   0.46416   0.9642   0.0925   0.5000   0.9975   0.949   0.892    0.9830   0.9960  0.967
  per-task mean alpha: h0:[0.9831 0.9928 0.9924 0.9937 0.9925]  h1:[0.9675 0.9710 0.9691 0.9622 0.9510]

========================================================================================================
GATE  phase synapse  nlr=0.0003  |  test acc 0.9793 forget 0.0033  |  parity alpha 0.5000
========================================================================================================
layer           n   |a-par|   a mean     a sd    a min    a max   >0.75   >0.95  cos(dev)   cos(a)   frac
net0       313600   0.00580   0.5058   0.0123   0.4895   0.6292   0.000   0.000    0.4405   0.9996  0.067
net2       160000   0.00814   0.5081   0.0160   0.4984   0.6322   0.000   0.000    0.4105   0.9993  0.106
  per-task mean alpha: net0:[0.5074 0.5039 0.5045 0.5073 0.5059]  net2:[0.5077 0.5048 0.5063 0.5110 0.5109]

================================================================================================================
META-SCHEDULE VARIANTS — standalone buf-cur plasticity, task-IL, SGD, init 0.5, 3 seeds, TEST set
================================================================================================================
variant   gran          nlr          live acc          dead acc   d-dead                     per seed  pos   forget
base      neuron       0.01     0.9778±0.0019     0.9754±0.0028  +0.0025    +0.0013, +0.0035, +0.0027 3/3 (plast_init)
base      synapse    0.0001     0.9767±0.0017     0.9767±0.0017  +0.0000    +0.0000, +0.0000, +0.0000 0/3 (plast_init)
multi5    neuron      0.003     0.9780±0.0018     0.9754±0.0028  +0.0026    +0.0014, +0.0039, +0.0027 3/3   0.0062
multi5    synapse    0.0003     0.9768±0.0015     0.9767±0.0017  +0.0001    +0.0001, +0.0007, -0.0004 2/3   0.0055
phase     neuron       0.01     0.9787±0.0015     0.9751±0.0026  +0.0036    +0.0024, +0.0051, +0.0032 3/3   0.0060
phase     synapse    0.0003     0.9771±0.0017     0.9767±0.0019  +0.0004    +0.0002, +0.0007, +0.0003 3/3   0.0047

  reference (plast_taskil, ep=5, main lr 3e-3): naive 0.9784  er 0.9946  ewc 0.9821
  d-dead is the mechanism's effect (RNG-matched, same schedule, alpha pinned at 0.5).
  1-seed noise floor 0.007; |d-dead| below ~0.002 is inside 3-seed spread.
