
================================================================================================
ANCHOR
================================================================================================
[run ] gain|classil|adam|er|base|42 acc=0.8975 forget=0.0972 probe=nan |g|=0.0000/0.0000/0.0000 msd=0.00e+00 n_miss=0
  gain      classil  adam  base=0.8975 vs 0.9029 (-0.0054) OK   [pt7_tuned_syn tuned ER-adam 0.9029+/-0.0042]
[run ] plast|taskil|sgd|er|base|42 acc=0.9941 forget=0.0031 probe=nan |g|=0.0000/0.0000/0.0000 msd=0.00e+00 n_miss=0
  plast     taskil   sgd   base=0.9941 vs 0.9946 (-0.0005) OK   [plast_taskil ER-SGD 0.9946+/-0.0004]
[run ] wdecay|classil|sgd|er|base|42 acc=0.9034 forget=0.0809 probe=nan |g|=0.0000/0.0000/0.0000 msd=0.00e+00 n_miss=0
  wdecay    classil  sgd   base=0.9034 vs 0.9034 (-0.0000) OK   [pt7_tuned_syn tuned ER-SGD 0.9034]

  dead-gate check (state01)   [selplast is EXPECTED to differ -- see below]
[skip] gain|classil|adam|er|base|42 acc=0.8975
[run ] gain|classil|adam|state01|dead|42 acc=0.8975 forget=0.0972 probe=0.588 |g|=0.0000/0.0000/0.0000 msd=3.22e-02 n_miss=0
  gain      classil  adam  dead=0.897549 base=0.897549 d=+0.000000 RNG-MATCHED
[run ] gain|taskil|adam|er|base|42 acc=0.9952 forget=0.0031 probe=nan |g|=0.0000/0.0000/0.0000 msd=0.00e+00 n_miss=0
[run ] gain|taskil|adam|state01|dead|42 acc=0.9952 forget=0.0031 probe=0.479 |g|=0.0000/0.0000/0.0000 msd=2.68e-02 n_miss=0
  gain      taskil   adam  dead=0.995213 base=0.995213 d=+0.000000 RNG-MATCHED
[run ] slope|classil|adam|er|base|42 acc=0.8975 forget=0.0972 probe=nan |g|=0.0000/0.0000/0.0000 msd=0.00e+00 n_miss=0
[run ] slope|classil|adam|state01|dead|42 acc=0.8975 forget=0.0972 probe=0.588 |g|=0.0000/0.0000/0.0000 msd=3.22e-02 n_miss=0
  slope     classil  adam  dead=0.897549 base=0.897549 d=+0.000000 RNG-MATCHED
[run ] temp|classil|adam|er|base|42 acc=0.8975 forget=0.0972 probe=nan |g|=0.0000/0.0000/0.0000 msd=0.00e+00 n_miss=0
[run ] temp|classil|adam|state01|dead|42 acc=0.8975 forget=0.0972 probe=0.588 |g|=0.0000/0.0000/0.0000 msd=3.22e-02 n_miss=0
  temp      classil  adam  dead=0.897549 base=0.897549 d=+0.000000 RNG-MATCHED
[skip] plast|taskil|sgd|er|base|42 acc=0.9941
[run ] plast|taskil|sgd|state01|dead|42 acc=0.9941 forget=0.0031 probe=0.429 |g|=0.0000/0.0000/0.0000 msd=2.38e-02 n_miss=0
  plast     taskil   sgd   dead=0.994133 base=0.994133 d=+0.000000 RNG-MATCHED
[run ] selplast|taskil|sgd|naive|base|42 acc=0.9807 forget=0.0043 probe=nan |g|=0.0000/0.0000/0.0000 msd=0.00e+00 n_miss=0
[run ] selplast|taskil|sgd|state01|dead|42 acc=0.9773 forget=0.0034 probe=0.433 |g|=0.5000/0.4775/0.6000 msd=2.22e-02 n_miss=0
  selplast  taskil   sgd   dead=0.977349 base=0.980695 d=-0.003346 HANDICAPPED (by design)
[run ] lossmod|classil|adam|er|base|42 acc=0.8975 forget=0.0972 probe=nan |g|=0.0000/0.0000/0.0000 msd=0.00e+00 n_miss=0
[run ] lossmod|classil|adam|state01|dead|42 acc=0.8978 forget=0.0971 probe=0.602 |g|=0.0000/0.0000/0.0000 msd=3.24e-02 n_miss=0
  lossmod   classil  adam  dead=0.897841 base=0.897549 d=+0.000292 SHIFTED -- live-only cells NOT readable
[skip] wdecay|classil|sgd|er|base|42 acc=0.9034
[run ] wdecay|classil|sgd|state01|dead|42 acc=0.9034 forget=0.0809 probe=0.488 |g|=0.0000/0.0000/0.0000 msd=2.56e-02 n_miss=0
  wdecay    classil  sgd   dead=0.903365 base=0.903365 d=+0.000000 RNG-MATCHED

  selplast's dead gate is NOT the plain baseline and must not be read as one. Its STE offset
  b ~ N(0, 0.5^2) freezes ~half the elements at alpha = 0 from step one, and that offset is present
  whether or not P learns -- so the control carries the mechanism's own initialisation handicap.
  That is the RIGHT control for `d-dead` (matched handicap, matched RNG) and the WRONG one for
  reading absolute accuracy. `plast_binary` measured this exactly: its neuron `d-dead` of +0.0119,
  positive in all 3 seeds, was the live gate climbing back TO naive from a handicapped control,
  not past it -- vs the plain baseline the same cell was -0.0008. Always read both columns.
