device=mps  capacity ablation | class-IL | Adam lr=0.001 ep=5 buffer=1000 | gain-neuron all4 on ER | 3 seeds

  H=400  seed=42 naive     acc=0.3900
  H=400  seed=42 er        acc=0.8946
  H=400  seed=42 er+free   acc=0.8760  probe=0.212  |g|=0.0000/0.0000/0.0000
  H=400  seed=42 er+all4   acc=0.8816  probe=0.462  |g|=0.0164/0.0358/0.0454
  H=400  seed=43 naive     acc=0.3836
  H=400  seed=43 er        acc=0.8984
  H=400  seed=43 er+free   acc=0.8927  probe=0.212  |g|=0.0000/0.0000/0.0000
  H=400  seed=43 er+all4   acc=0.8917  probe=0.447  |g|=0.0076/0.0126/0.0235
  H=400  seed=44 naive     acc=0.3968
  H=400  seed=44 er        acc=0.8792
  H=400  seed=44 er+free   acc=0.8983  probe=0.212  |g|=0.0000/0.0000/0.0000
  H=400  seed=44 er+all4   acc=0.8994  probe=0.509  |g|=0.0189/0.0299/0.0305
  H=200  seed=42 naive     acc=0.3410
  H=200  seed=42 er        acc=0.8811
  H=200  seed=42 er+free   acc=0.8802  probe=0.212  |g|=0.0000/0.0000/0.0000
  H=200  seed=42 er+all4   acc=0.8747  probe=0.441  |g|=0.0598/0.0799/0.1228
  H=200  seed=43 naive     acc=0.4059
  H=200  seed=43 er        acc=0.8886
  H=200  seed=43 er+free   acc=0.8754  probe=0.212  |g|=0.0000/0.0000/0.0000
  H=200  seed=43 er+all4   acc=0.8840  probe=0.459  |g|=0.0094/0.0176/0.0192
  H=200  seed=44 naive     acc=0.4097
  H=200  seed=44 er        acc=0.8877
  H=200  seed=44 er+free   acc=0.8907  probe=0.212  |g|=0.0000/0.0000/0.0000
  H=200  seed=44 er+all4   acc=0.8785  probe=0.421  |g|=0.0195/0.0385/0.0256
  H=100  seed=42 naive     acc=0.3713
  H=100  seed=42 er        acc=0.8884
  H=100  seed=42 er+free   acc=0.8980  probe=0.212  |g|=0.0000/0.0000/0.0000
  H=100  seed=42 er+all4   acc=0.8943  probe=0.417  |g|=0.0061/0.0118/0.0093
  H=100  seed=43 naive     acc=0.3755
  H=100  seed=43 er        acc=0.8838
  H=100  seed=43 er+free   acc=0.8794  probe=0.212  |g|=0.0000/0.0000/0.0000
  H=100  seed=43 er+all4   acc=0.8919  probe=0.483  |g|=0.0084/0.0141/0.0264
  H=100  seed=44 naive     acc=0.3496
  H=100  seed=44 er        acc=0.8735
  H=100  seed=44 er+free   acc=0.8872  probe=0.212  |g|=0.0000/0.0000/0.0000
  H=100  seed=44 er+all4   acc=0.8983  probe=0.412  |g|=0.0037/0.0074/0.0129
  H=50   seed=42 naive     acc=0.2885
  H=50   seed=42 er        acc=0.8874
  H=50   seed=42 er+free   acc=0.8861  probe=0.212  |g|=0.0000/0.0000/0.0000
  H=50   seed=42 er+all4   acc=0.8901  probe=0.433  |g|=0.0113/0.0205/0.0156
  H=50   seed=43 naive     acc=0.4163
  H=50   seed=43 er        acc=0.8760
  H=50   seed=43 er+free   acc=0.8789  probe=0.212  |g|=0.0000/0.0000/0.0000
  H=50   seed=43 er+all4   acc=0.8885  probe=0.405  |g|=0.0182/0.0216/0.0300
  H=50   seed=44 naive     acc=0.3266
  H=50   seed=44 er        acc=0.8878
  H=50   seed=44 er+free   acc=0.8835  probe=0.212  |g|=0.0000/0.0000/0.0000
  H=50   seed=44 er+all4   acc=0.8840  probe=0.407  |g|=0.0343/0.0527/0.0288
  H=25   seed=42 naive     acc=0.1902
  H=25   seed=42 er        acc=0.8449
  H=25   seed=42 er+free   acc=0.8599  probe=0.212  |g|=0.0000/0.0000/0.0000
  H=25   seed=42 er+all4   acc=0.8629  probe=0.394  |g|=0.0125/0.0243/0.0344
  H=25   seed=43 naive     acc=0.2669
  H=25   seed=43 er        acc=0.8739
  H=25   seed=43 er+free   acc=0.8682  probe=0.212  |g|=0.0000/0.0000/0.0000
  H=25   seed=43 er+all4   acc=0.8793  probe=0.499  |g|=0.0206/0.0362/0.0553
  H=25   seed=44 naive     acc=0.2569
  H=25   seed=44 er        acc=0.8612
  H=25   seed=44 er+free   acc=0.8495  probe=0.212  |g|=0.0000/0.0000/0.0000
  H=25   seed=44 er+all4   acc=0.8688  probe=0.350  |g|=0.0148/0.0289/0.0252
  H=10   seed=42 naive     acc=0.2350
  H=10   seed=42 er        acc=0.7958
  H=10   seed=42 er+free   acc=0.8157  probe=0.212  |g|=0.0000/0.0000/0.0000
  H=10   seed=42 er+all4   acc=0.8157  probe=0.374  |g|=0.0943/0.1334/0.0631
  H=10   seed=43 naive     acc=0.1976
  H=10   seed=43 er        acc=0.8383
  H=10   seed=43 er+free   acc=0.8303  probe=0.212  |g|=0.0000/0.0000/0.0000
  H=10   seed=43 er+all4   acc=0.7983  probe=0.468  |g|=0.1158/0.1425/0.0884
  H=10   seed=44 naive     acc=0.1285
  H=10   seed=44 er        acc=0.7908
  H=10   seed=44 er+free   acc=0.8482  probe=0.212  |g|=0.0000/0.0000/0.0000
  H=10   seed=44 er+all4   acc=0.8293  probe=0.391  |g|=0.0672/0.0889/0.0699
ALL SELECTED CELLS DONE
device=mps  capacity ablation | class-IL | Adam lr=0.001 ep=5 buffer=1000 | gain-neuron all4 on ER | 3 seeds

  H=10   seed=45 naive     acc=0.1259
  H=10   seed=45 er        acc=0.6188
  H=10   seed=45 er+free   acc=0.8006  probe=0.212  |g|=0.0000/0.0000/0.0000
  H=10   seed=45 er+all4   acc=0.8117  probe=0.346  |g|=0.0893/0.1434/0.0930
  H=10   seed=46 naive     acc=0.1568
  H=10   seed=46 er        acc=0.8266
  H=10   seed=46 er+free   acc=0.7969  probe=0.212  |g|=0.0000/0.0000/0.0000
  H=10   seed=46 er+all4   acc=0.8368  probe=0.347  |g|=0.0906/0.1181/0.0633
  H=5    seed=42 naive     acc=0.0947
  H=5    seed=42 er        acc=0.4547
  H=5    seed=42 er+free   acc=0.4818  probe=0.212  |g|=0.0000/0.0000/0.0000
  H=5    seed=42 er+all4   acc=0.6238  probe=0.509  |g|=0.1362/0.3085/0.2263
  H=5    seed=43 naive     acc=0.2122
  H=5    seed=43 er        acc=0.7651
  H=5    seed=43 er+free   acc=0.6494  probe=0.212  |g|=0.0000/0.0000/0.0000
  H=5    seed=43 er+all4   acc=0.7124  probe=0.551  |g|=0.4698/0.2660/0.5394
  H=5    seed=44 naive     acc=0.2271
  H=5    seed=44 er        acc=0.4420
  H=5    seed=44 er+free   acc=0.6205  probe=0.212  |g|=0.0000/0.0000/0.0000
  H=5    seed=44 er+all4   acc=0.5348  probe=0.464  |g|=0.1807/0.1492/0.1669
  H=5    seed=45 naive     acc=0.1136
  H=5    seed=45 er        acc=0.6744
  H=5    seed=45 er+free   acc=0.7252  probe=0.212  |g|=0.0000/0.0000/0.0000
  H=5    seed=45 er+all4   acc=0.7749  probe=0.525  |g|=0.4736/0.7245/0.1908
  H=5    seed=46 naive     acc=0.1226
  H=5    seed=46 er        acc=0.6702
  H=5    seed=46 er+free   acc=0.6806  probe=0.212  |g|=0.0000/0.0000/0.0000
  H=5    seed=46 er+all4   acc=0.6987  probe=0.494  |g|=0.0843/0.1278/0.1698
ALL SELECTED CELLS DONE
device=mps  capacity ablation | class-IL | Adam lr=0.001 ep=5 buffer=1000 | gain-neuron all4 on ER | 3 seeds

  H=5    seed=47 naive     acc=0.2134
  H=5    seed=47 er        acc=0.7450
  H=5    seed=47 er+free   acc=0.7157  probe=0.212  |g|=0.0000/0.0000/0.0000
  H=5    seed=47 er+all4   acc=0.7532  probe=0.457  |g|=0.0506/0.1984/0.1193
  H=5    seed=48 naive     acc=0.1496
  H=5    seed=48 er        acc=0.6288
  H=5    seed=48 er+free   acc=0.5835  probe=0.212  |g|=0.0000/0.0000/0.0000
  H=5    seed=48 er+all4   acc=0.7201  probe=0.445  |g|=0.1917/0.2421/0.1357
  H=5    seed=49 naive     acc=0.2114
  H=5    seed=49 er        acc=0.4802
  H=5    seed=49 er+free   acc=0.5803  probe=0.212  |g|=0.0000/0.0000/0.0000
  H=5    seed=49 er+all4   acc=0.5909  probe=0.520  |g|=0.1106/0.1591/0.2991
  H=5    seed=50 naive     acc=0.3311
  H=5    seed=50 er        acc=0.3128
  H=5    seed=50 er+free   acc=0.7017  probe=0.212  |g|=0.0000/0.0000/0.0000
  H=5    seed=50 er+all4   acc=0.6477  probe=0.385  |g|=0.1692/0.2206/0.2413
ALL SELECTED CELLS DONE
device=mps  capacity ablation | class-IL | Adam lr=0.001 ep=5 buffer=1000 | gain-neuron all4 on ER | 3 seeds

  H=400  seed=42 er+ACh    acc=0.8841  probe=0.279  |g|=0.0020/0.0035/0.0105
  H=400  seed=42 er+AChfix acc=0.8945  probe=0.279  |g|=0.0093/0.0095/0.0097
  H=200  seed=42 er+ACh    acc=0.8937  probe=0.278  |g|=0.0030/0.0044/0.0131
  H=200  seed=42 er+AChfix acc=0.9010  probe=0.284  |g|=0.0086/0.0083/0.0056
  H=200  seed=42 er+all4fix acc=0.8740  probe=0.577  |g|=0.3328/0.3263/0.4120
  H=100  seed=42 er+ACh    acc=0.8950  probe=0.274  |g|=0.0060/0.0104/0.0188
  H=100  seed=42 er+AChfix acc=0.8897  probe=0.277  |g|=0.0144/0.0143/0.0094
  H=100  seed=42 er+all4fix acc=0.8689  probe=0.408  |g|=0.4314/0.4297/0.3424
  H=50   seed=42 er+ACh    acc=0.8765  probe=0.282  |g|=0.0129/0.0171/0.0317
  H=50   seed=42 er+AChfix acc=0.8755  probe=0.285  |g|=0.0180/0.0224/0.0188
  H=50   seed=42 er+all4fix acc=0.8765  probe=0.497  |g|=0.0171/0.0191/0.0138
  H=25   seed=42 er+ACh    acc=0.8709  probe=0.276  |g|=0.0120/0.0309/0.0306
  H=25   seed=42 er+AChfix acc=0.8640  probe=0.258  |g|=0.0194/0.0257/0.0326
  H=25   seed=42 er+all4fix acc=0.8643  probe=0.439  |g|=0.0180/0.0181/0.0120
  H=10   seed=42 er+ACh    acc=0.8364  probe=0.247  |g|=0.0282/0.0591/0.0443
  H=10   seed=42 er+AChfix acc=0.8452  probe=0.242  |g|=0.0358/0.0346/0.0474
  H=10   seed=42 er+all4fix acc=0.7265  probe=0.426  |g|=0.0674/0.0686/0.0764
  H=5    seed=42 er+ACh    acc=0.4723  probe=0.259  |g|=0.0737/0.2718/0.0704
  H=5    seed=42 er+AChfix acc=0.3539  probe=0.338  |g|=0.0330/0.0573/0.0424
  H=5    seed=42 er+all4fix acc=0.5447  probe=0.541  |g|=0.0646/0.0992/0.0917
ALL SELECTED CELLS DONE
device=mps  capacity ablation | class-IL | Adam lr=0.001 ep=5 buffer=1000 | gain-neuron all4 on ER | 3 seeds

  H=400  seed=42 er+freefix acc=0.8789  probe=0.449  |g|=0.2960/0.3153/0.2628
  H=200  seed=42 er+freefix acc=0.8796  probe=0.362  |g|=0.0751/0.0746/0.0843
  H=100  seed=42 er+freefix acc=0.8893  probe=0.480  |g|=0.3557/0.3256/0.2897
  H=50   seed=42 er+freefix acc=0.8895  probe=0.490  |g|=0.2447/0.2943/0.2778
  H=25   seed=42 er+freefix acc=0.8510  probe=0.412  |g|=0.0962/0.0952/0.0797
  H=10   seed=42 er+freefix acc=0.8310  probe=0.601  |g|=0.4941/0.4262/0.4815
  H=5    seed=42 er+freefix acc=0.8156  probe=0.704  |g|=1.2093/1.2187/1.5724
ALL SELECTED CELLS DONE
device=mps  capacity ablation | class-IL | Adam lr=0.001 ep=5 buffer=1000 | gain-neuron all4 on ER | 3 seeds

  H=10   seed=43 er+freefix acc=0.8304  probe=0.549  |g|=0.8478/0.7579/0.6712
  H=10   seed=44 er+freefix acc=0.7885  probe=0.683  |g|=0.7372/0.8737/1.2732
  H=5    seed=43 er+freefix acc=0.8245  probe=0.774  |g|=2.1411/1.4685/1.1455
  H=5    seed=44 er+freefix acc=0.8209  probe=0.707  |g|=1.8042/2.1627/2.0434
ALL SELECTED CELLS DONE
