modulated weight decay | device cpu | drivers ('const',) | grans ('global',) | metrics ('classil',) | arms ('erown',) | schedules ('boundary',) | shard driver-const_gran-global
ledger position_paper/wd_modulation_results_shards/driver-const_gran-global.tsv

REGIMES — budget (buffer 200) and rehearsal-free (buffer 0)

  budget boundary classil erown  er        -       nlr=0       s42 acc=0.7815 forget=0.2075 probe=nan |f-1|=0.0000/0.0000/0.0000
  budget boundary classil erown  er        -       nlr=0       s43 acc=0.7863 forget=0.2028 probe=nan |f-1|=0.0000/0.0000/0.0000
  budget boundary classil erown  er        -       nlr=0       s44 acc=0.8061 forget=0.1833 probe=nan |f-1|=0.0000/0.0000/0.0000
  budget boundary classil erown  const     global  nlr=0.0001  s42 acc=0.7765 forget=0.2125 probe=0.212 |f-1|=0.0274/0.0274/0.0274
  budget boundary classil erown  const     global  nlr=0       s42 acc=0.7758 forget=0.2129 probe=0.212 |f-1|=0.0000/0.0000/0.0000
  budget boundary classil erown  const     global  nlr=0.0001  s43 acc=0.7721 forget=0.2162 probe=0.212 |f-1|=0.0272/0.0272/0.0272
  budget boundary classil erown  const     global  nlr=0       s43 acc=0.7718 forget=0.2162 probe=0.212 |f-1|=0.0000/0.0000/0.0000
  budget boundary classil erown  const     global  nlr=0.0001  s44 acc=0.7944 forget=0.1943 probe=0.212 |f-1|=0.0300/0.0300/0.0300
  budget boundary classil erown  const     global  nlr=0       s44 acc=0.7949 forget=0.1938 probe=0.212 |f-1|=0.0000/0.0000/0.0000
  rfree  boundary classil erown  er        -       nlr=0       s42 acc=0.1967 forget=0.7961 probe=nan |f-1|=0.0000/0.0000/0.0000
  rfree  boundary classil erown  er        -       nlr=0       s43 acc=0.1979 forget=0.7972 probe=nan |f-1|=0.0000/0.0000/0.0000
  rfree  boundary classil erown  er        -       nlr=0       s44 acc=0.1983 forget=0.7967 probe=nan |f-1|=0.0000/0.0000/0.0000
  rfree  boundary classil erown  const     global  nlr=0.0001  s42 acc=0.1967 forget=0.7961 probe=0.212 |f-1|=0.0000/0.0000/0.0000
  rfree  boundary classil erown  const     global  nlr=0       s42 acc=0.1967 forget=0.7961 probe=0.212 |f-1|=0.0000/0.0000/0.0000
  rfree  boundary classil erown  const     global  nlr=0.0001  s43 acc=0.1979 forget=0.7972 probe=0.212 |f-1|=0.0000/0.0000/0.0000
  rfree  boundary classil erown  const     global  nlr=0       s43 acc=0.1979 forget=0.7972 probe=0.212 |f-1|=0.0000/0.0000/0.0000
  rfree  boundary classil erown  const     global  nlr=0.0001  s44 acc=0.1983 forget=0.7967 probe=0.212 |f-1|=0.0000/0.0000/0.0000
  rfree  boundary classil erown  const     global  nlr=0       s44 acc=0.1983 forget=0.7967 probe=0.212 |f-1|=0.0000/0.0000/0.0000
